// Jest Snapshot v1, https://goo.gl/fbAQLP

exports[`Calendar should render correctly 1`] = `
<Provider
  store={
    Object {
      "clearActions": [Function],
      "dispatch": [Function],
      "getActions": [Function],
      "getState": [Function],
      "replaceReducer": [Function],
      "subscribe": [Function],
    }
  }
>
  <Calendar>
    <div
      className="calendar"
    >
      <Connect(Navigation)>
        <Navigation
          goToToday={[Function]}
          month={2020-05-21T21:00:00.000Z}
          nextMonth={[Function]}
          prevMonth={[Function]}
        >
          <div
            className="navigation"
          >
            <Button
              clickHandler={[Function]}
              filled={false}
            >
              <div
                className="button"
                onClick={[Function]}
              >
                <ForwardRef
                  color="currentColor"
                  size="1em"
                >
                  <svg
                    fill="currentColor"
                    height="1em"
                    viewBox="0 0 16 16"
                    width="1em"
                    xmlns="http://www.w3.org/2000/svg"
                  >
                    <path
                      d="M11.354 1.646a.5.5 0 0 1 0 .708L5.707 8l5.647 5.646a.5.5 0 0 1-.708.708l-6-6a.5.5 0 0 1 0-.708l6-6a.5.5 0 0 1 .708 0z"
                      fillRule="evenodd"
                    />
                  </svg>
                </ForwardRef>
              </div>
            </Button>
            <Button
              clickHandler={[Function]}
              filled={true}
            >
              <div
                className="button filled"
                onClick={[Function]}
              >
                Сегодня
              </div>
            </Button>
            <Button
              clickHandler={[Function]}
              filled={false}
            >
              <div
                className="button"
                onClick={[Function]}
              >
                <ForwardRef
                  color="currentColor"
                  size="1em"
                >
                  <svg
                    fill="currentColor"
                    height="1em"
                    viewBox="0 0 16 16"
                    width="1em"
                    xmlns="http://www.w3.org/2000/svg"
                  >
                    <path
                      d="M4.646 1.646a.5.5 0 0 1 .708 0l6 6a.5.5 0 0 1 0 .708l-6 6a.5.5 0 0 1-.708-.708L10.293 8 4.646 2.354a.5.5 0 0 1 0-.708z"
                      fillRule="evenodd"
                    />
                  </svg>
                </ForwardRef>
              </div>
            </Button>
          </div>
        </Navigation>
      </Connect(Navigation)>
      <Connect(MonthLabel)>
        <MonthLabel
          dispatch={[Function]}
          month={2020-05-21T21:00:00.000Z}
        >
          <div
            className="month-label"
          >
            май 2020
          </div>
        </MonthLabel>
      </Connect(MonthLabel)>
      <WeekdayLabel>
        <div
          className="week label"
        >
          <div
            className="day label"
            key="ПН"
          >
            ПН
          </div>
          <div
            className="day label"
            key="ВТ"
          >
            ВТ
          </div>
          <div
            className="day label"
            key="СР"
          >
            СР
          </div>
          <div
            className="day label"
            key="ЧТ"
          >
            ЧТ
          </div>
          <div
            className="day label"
            key="ПТ"
          >
            ПТ
          </div>
          <div
            className="day label"
            key="СБ"
          >
            СБ
          </div>
          <div
            className="day label"
            key="ВС"
          >
            ВС
          </div>
        </div>
      </WeekdayLabel>
      <Connect(Month)>
        <Month
          date={2020-05-21T21:00:00.000Z}
          dispatch={[Function]}
        >
          <div
            className="month"
          >
            <Week
              days={
                Array [
                  2020-04-30T21:00:00.000Z,
                  2020-05-01T21:00:00.000Z,
                  2020-05-02T21:00:00.000Z,
                ]
              }
              key="1588280400000"
            >
              <div
                className="week"
              >
                <Connect(Day)
                  date={2020-04-30T21:00:00.000Z}
                  key="1588280400000"
                >
                  <Day
                    date={2020-04-30T21:00:00.000Z}
                    now={2020-05-21T21:00:00.000Z}
                    selectDate={[Function]}
                    selected={2020-05-21T21:00:00.000Z}
                    tasksMap={Object {}}
                  >
                    <div
                      className="day"
                      onClick={[Function]}
                    >
                      1
                    </div>
                  </Day>
                </Connect(Day)>
                <Connect(Day)
                  date={2020-05-01T21:00:00.000Z}
                  key="1588366800000"
                >
                  <Day
                    date={2020-05-01T21:00:00.000Z}
                    now={2020-05-21T21:00:00.000Z}
                    selectDate={[Function]}
                    selected={2020-05-21T21:00:00.000Z}
                    tasksMap={Object {}}
                  >
                    <div
                      className="day weekend"
                      onClick={[Function]}
                    >
                      2
                    </div>
                  </Day>
                </Connect(Day)>
                <Connect(Day)
                  date={2020-05-02T21:00:00.000Z}
                  key="1588453200000"
                >
                  <Day
                    date={2020-05-02T21:00:00.000Z}
                    now={2020-05-21T21:00:00.000Z}
                    selectDate={[Function]}
                    selected={2020-05-21T21:00:00.000Z}
                    tasksMap={Object {}}
                  >
                    <div
                      className="day weekend"
                      onClick={[Function]}
                    >
                      3
                    </div>
                  </Day>
                </Connect(Day)>
              </div>
            </Week>
            <Week
              days={
                Array [
                  2020-05-03T21:00:00.000Z,
                  2020-05-04T21:00:00.000Z,
                  2020-05-05T21:00:00.000Z,
                  2020-05-06T21:00:00.000Z,
                  2020-05-07T21:00:00.000Z,
                  2020-05-08T21:00:00.000Z,
                  2020-05-09T21:00:00.000Z,
                ]
              }
              key="1588539600000"
            >
              <div
                className="week"
              >
                <Connect(Day)
                  date={2020-05-03T21:00:00.000Z}
                  key="1588539600000"
                >
                  <Day
                    date={2020-05-03T21:00:00.000Z}
                    now={2020-05-21T21:00:00.000Z}
                    selectDate={[Function]}
                    selected={2020-05-21T21:00:00.000Z}
                    tasksMap={Object {}}
                  >
                    <div
                      className="day"
                      onClick={[Function]}
                    >
                      4
                    </div>
                  </Day>
                </Connect(Day)>
                <Connect(Day)
                  date={2020-05-04T21:00:00.000Z}
                  key="1588626000000"
                >
                  <Day
                    date={2020-05-04T21:00:00.000Z}
                    now={2020-05-21T21:00:00.000Z}
                    selectDate={[Function]}
                    selected={2020-05-21T21:00:00.000Z}
                    tasksMap={Object {}}
                  >
                    <div
                      className="day"
                      onClick={[Function]}
                    >
                      5
                    </div>
                  </Day>
                </Connect(Day)>
                <Connect(Day)
                  date={2020-05-05T21:00:00.000Z}
                  key="1588712400000"
                >
                  <Day
                    date={2020-05-05T21:00:00.000Z}
                    now={2020-05-21T21:00:00.000Z}
                    selectDate={[Function]}
                    selected={2020-05-21T21:00:00.000Z}
                    tasksMap={Object {}}
                  >
                    <div
                      className="day"
                      onClick={[Function]}
                    >
                      6
                    </div>
                  </Day>
                </Connect(Day)>
                <Connect(Day)
                  date={2020-05-06T21:00:00.000Z}
                  key="1588798800000"
                >
                  <Day
                    date={2020-05-06T21:00:00.000Z}
                    now={2020-05-21T21:00:00.000Z}
                    selectDate={[Function]}
                    selected={2020-05-21T21:00:00.000Z}
                    tasksMap={Object {}}
                  >
                    <div
                      className="day"
                      onClick={[Function]}
                    >
                      7
                    </div>
                  </Day>
                </Connect(Day)>
                <Connect(Day)
                  date={2020-05-07T21:00:00.000Z}
                  key="1588885200000"
                >
                  <Day
                    date={2020-05-07T21:00:00.000Z}
                    now={2020-05-21T21:00:00.000Z}
                    selectDate={[Function]}
                    selected={2020-05-21T21:00:00.000Z}
                    tasksMap={Object {}}
                  >
                    <div
                      className="day"
                      onClick={[Function]}
                    >
                      8
                    </div>
                  </Day>
                </Connect(Day)>
                <Connect(Day)
                  date={2020-05-08T21:00:00.000Z}
                  key="1588971600000"
                >
                  <Day
                    date={2020-05-08T21:00:00.000Z}
                    now={2020-05-21T21:00:00.000Z}
                    selectDate={[Function]}
                    selected={2020-05-21T21:00:00.000Z}
                    tasksMap={Object {}}
                  >
                    <div
                      className="day weekend"
                      onClick={[Function]}
                    >
                      9
                    </div>
                  </Day>
                </Connect(Day)>
                <Connect(Day)
                  date={2020-05-09T21:00:00.000Z}
                  key="1589058000000"
                >
                  <Day
                    date={2020-05-09T21:00:00.000Z}
                    now={2020-05-21T21:00:00.000Z}
                    selectDate={[Function]}
                    selected={2020-05-21T21:00:00.000Z}
                    tasksMap={Object {}}
                  >
                    <div
                      className="day weekend"
                      onClick={[Function]}
                    >
                      10
                    </div>
                  </Day>
                </Connect(Day)>
              </div>
            </Week>
            <Week
              days={
                Array [
                  2020-05-10T21:00:00.000Z,
                  2020-05-11T21:00:00.000Z,
                  2020-05-12T21:00:00.000Z,
                  2020-05-13T21:00:00.000Z,
                  2020-05-14T21:00:00.000Z,
                  2020-05-15T21:00:00.000Z,
                  2020-05-16T21:00:00.000Z,
                ]
              }
              key="1589144400000"
            >
              <div
                className="week"
              >
                <Connect(Day)
                  date={2020-05-10T21:00:00.000Z}
                  key="1589144400000"
                >
                  <Day
                    date={2020-05-10T21:00:00.000Z}
                    now={2020-05-21T21:00:00.000Z}
                    selectDate={[Function]}
                    selected={2020-05-21T21:00:00.000Z}
                    tasksMap={Object {}}
                  >
                    <div
                      className="day"
                      onClick={[Function]}
                    >
                      11
                    </div>
                  </Day>
                </Connect(Day)>
                <Connect(Day)
                  date={2020-05-11T21:00:00.000Z}
                  key="1589230800000"
                >
                  <Day
                    date={2020-05-11T21:00:00.000Z}
                    now={2020-05-21T21:00:00.000Z}
                    selectDate={[Function]}
                    selected={2020-05-21T21:00:00.000Z}
                    tasksMap={Object {}}
                  >
                    <div
                      className="day"
                      onClick={[Function]}
                    >
                      12
                    </div>
                  </Day>
                </Connect(Day)>
                <Connect(Day)
                  date={2020-05-12T21:00:00.000Z}
                  key="1589317200000"
                >
                  <Day
                    date={2020-05-12T21:00:00.000Z}
                    now={2020-05-21T21:00:00.000Z}
                    selectDate={[Function]}
                    selected={2020-05-21T21:00:00.000Z}
                    tasksMap={Object {}}
                  >
                    <div
                      className="day"
                      onClick={[Function]}
                    >
                      13
                    </div>
                  </Day>
                </Connect(Day)>
                <Connect(Day)
                  date={2020-05-13T21:00:00.000Z}
                  key="1589403600000"
                >
                  <Day
                    date={2020-05-13T21:00:00.000Z}
                    now={2020-05-21T21:00:00.000Z}
                    selectDate={[Function]}
                    selected={2020-05-21T21:00:00.000Z}
                    tasksMap={Object {}}
                  >
                    <div
                      className="day"
                      onClick={[Function]}
                    >
                      14
                    </div>
                  </Day>
                </Connect(Day)>
                <Connect(Day)
                  date={2020-05-14T21:00:00.000Z}
                  key="1589490000000"
                >
                  <Day
                    date={2020-05-14T21:00:00.000Z}
                    now={2020-05-21T21:00:00.000Z}
                    selectDate={[Function]}
                    selected={2020-05-21T21:00:00.000Z}
                    tasksMap={Object {}}
                  >
                    <div
                      className="day"
                      onClick={[Function]}
                    >
                      15
                    </div>
                  </Day>
                </Connect(Day)>
                <Connect(Day)
                  date={2020-05-15T21:00:00.000Z}
                  key="1589576400000"
                >
                  <Day
                    date={2020-05-15T21:00:00.000Z}
                    now={2020-05-21T21:00:00.000Z}
                    selectDate={[Function]}
                    selected={2020-05-21T21:00:00.000Z}
                    tasksMap={Object {}}
                  >
                    <div
                      className="day weekend"
                      onClick={[Function]}
                    >
                      16
                    </div>
                  </Day>
                </Connect(Day)>
                <Connect(Day)
                  date={2020-05-16T21:00:00.000Z}
                  key="1589662800000"
                >
                  <Day
                    date={2020-05-16T21:00:00.000Z}
                    now={2020-05-21T21:00:00.000Z}
                    selectDate={[Function]}
                    selected={2020-05-21T21:00:00.000Z}
                    tasksMap={Object {}}
                  >
                    <div
                      className="day weekend"
                      onClick={[Function]}
                    >
                      17
                    </div>
                  </Day>
                </Connect(Day)>
              </div>
            </Week>
            <Week
              days={
                Array [
                  2020-05-17T21:00:00.000Z,
                  2020-05-18T21:00:00.000Z,
                  2020-05-19T21:00:00.000Z,
                  2020-05-20T21:00:00.000Z,
                  2020-05-21T21:00:00.000Z,
                  2020-05-22T21:00:00.000Z,
                  2020-05-23T21:00:00.000Z,
                ]
              }
              key="1589749200000"
            >
              <div
                className="week"
              >
                <Connect(Day)
                  date={2020-05-17T21:00:00.000Z}
                  key="1589749200000"
                >
                  <Day
                    date={2020-05-17T21:00:00.000Z}
                    now={2020-05-21T21:00:00.000Z}
                    selectDate={[Function]}
                    selected={2020-05-21T21:00:00.000Z}
                    tasksMap={Object {}}
                  >
                    <div
                      className="day"
                      onClick={[Function]}
                    >
                      18
                    </div>
                  </Day>
                </Connect(Day)>
                <Connect(Day)
                  date={2020-05-18T21:00:00.000Z}
                  key="1589835600000"
                >
                  <Day
                    date={2020-05-18T21:00:00.000Z}
                    now={2020-05-21T21:00:00.000Z}
                    selectDate={[Function]}
                    selected={2020-05-21T21:00:00.000Z}
                    tasksMap={Object {}}
                  >
                    <div
                      className="day"
                      onClick={[Function]}
                    >
                      19
                    </div>
                  </Day>
                </Connect(Day)>
                <Connect(Day)
                  date={2020-05-19T21:00:00.000Z}
                  key="1589922000000"
                >
                  <Day
                    date={2020-05-19T21:00:00.000Z}
                    now={2020-05-21T21:00:00.000Z}
                    selectDate={[Function]}
                    selected={2020-05-21T21:00:00.000Z}
                    tasksMap={Object {}}
                  >
                    <div
                      className="day"
                      onClick={[Function]}
                    >
                      20
                    </div>
                  </Day>
                </Connect(Day)>
                <Connect(Day)
                  date={2020-05-20T21:00:00.000Z}
                  key="1590008400000"
                >
                  <Day
                    date={2020-05-20T21:00:00.000Z}
                    now={2020-05-21T21:00:00.000Z}
                    selectDate={[Function]}
                    selected={2020-05-21T21:00:00.000Z}
                    tasksMap={Object {}}
                  >
                    <div
                      className="day"
                      onClick={[Function]}
                    >
                      21
                    </div>
                  </Day>
                </Connect(Day)>
                <Connect(Day)
                  date={2020-05-21T21:00:00.000Z}
                  key="1590094800000"
                >
                  <Day
                    date={2020-05-21T21:00:00.000Z}
                    now={2020-05-21T21:00:00.000Z}
                    selectDate={[Function]}
                    selected={2020-05-21T21:00:00.000Z}
                    tasksMap={Object {}}
                  >
                    <div
                      className="day selected today"
                      onClick={[Function]}
                    >
                      22
                    </div>
                  </Day>
                </Connect(Day)>
                <Connect(Day)
                  date={2020-05-22T21:00:00.000Z}
                  key="1590181200000"
                >
                  <Day
                    date={2020-05-22T21:00:00.000Z}
                    now={2020-05-21T21:00:00.000Z}
                    selectDate={[Function]}
                    selected={2020-05-21T21:00:00.000Z}
                    tasksMap={Object {}}
                  >
                    <div
                      className="day weekend"
                      onClick={[Function]}
                    >
                      23
                    </div>
                  </Day>
                </Connect(Day)>
                <Connect(Day)
                  date={2020-05-23T21:00:00.000Z}
                  key="1590267600000"
                >
                  <Day
                    date={2020-05-23T21:00:00.000Z}
                    now={2020-05-21T21:00:00.000Z}
                    selectDate={[Function]}
                    selected={2020-05-21T21:00:00.000Z}
                    tasksMap={Object {}}
                  >
                    <div
                      className="day weekend"
                      onClick={[Function]}
                    >
                      24
                    </div>
                  </Day>
                </Connect(Day)>
              </div>
            </Week>
            <Week
              days={
                Array [
                  2020-05-24T21:00:00.000Z,
                  2020-05-25T21:00:00.000Z,
                  2020-05-26T21:00:00.000Z,
                  2020-05-27T21:00:00.000Z,
                  2020-05-28T21:00:00.000Z,
                  2020-05-29T21:00:00.000Z,
                  2020-05-30T21:00:00.000Z,
                ]
              }
              key="1590354000000"
            >
              <div
                className="week"
              >
                <Connect(Day)
                  date={2020-05-24T21:00:00.000Z}
                  key="1590354000000"
                >
                  <Day
                    date={2020-05-24T21:00:00.000Z}
                    now={2020-05-21T21:00:00.000Z}
                    selectDate={[Function]}
                    selected={2020-05-21T21:00:00.000Z}
                    tasksMap={Object {}}
                  >
                    <div
                      className="day"
                      onClick={[Function]}
                    >
                      25
                    </div>
                  </Day>
                </Connect(Day)>
                <Connect(Day)
                  date={2020-05-25T21:00:00.000Z}
                  key="1590440400000"
                >
                  <Day
                    date={2020-05-25T21:00:00.000Z}
                    now={2020-05-21T21:00:00.000Z}
                    selectDate={[Function]}
                    selected={2020-05-21T21:00:00.000Z}
                    tasksMap={Object {}}
                  >
                    <div
                      className="day"
                      onClick={[Function]}
                    >
                      26
                    </div>
                  </Day>
                </Connect(Day)>
                <Connect(Day)
                  date={2020-05-26T21:00:00.000Z}
                  key="1590526800000"
                >
                  <Day
                    date={2020-05-26T21:00:00.000Z}
                    now={2020-05-21T21:00:00.000Z}
                    selectDate={[Function]}
                    selected={2020-05-21T21:00:00.000Z}
                    tasksMap={Object {}}
                  >
                    <div
                      className="day"
                      onClick={[Function]}
                    >
                      27
                    </div>
                  </Day>
                </Connect(Day)>
                <Connect(Day)
                  date={2020-05-27T21:00:00.000Z}
                  key="1590613200000"
                >
                  <Day
                    date={2020-05-27T21:00:00.000Z}
                    now={2020-05-21T21:00:00.000Z}
                    selectDate={[Function]}
                    selected={2020-05-21T21:00:00.000Z}
                    tasksMap={Object {}}
                  >
                    <div
                      className="day"
                      onClick={[Function]}
                    >
                      28
                    </div>
                  </Day>
                </Connect(Day)>
                <Connect(Day)
                  date={2020-05-28T21:00:00.000Z}
                  key="1590699600000"
                >
                  <Day
                    date={2020-05-28T21:00:00.000Z}
                    now={2020-05-21T21:00:00.000Z}
                    selectDate={[Function]}
                    selected={2020-05-21T21:00:00.000Z}
                    tasksMap={Object {}}
                  >
                    <div
                      className="day"
                      onClick={[Function]}
                    >
                      29
                    </div>
                  </Day>
                </Connect(Day)>
                <Connect(Day)
                  date={2020-05-29T21:00:00.000Z}
                  key="1590786000000"
                >
                  <Day
                    date={2020-05-29T21:00:00.000Z}
                    now={2020-05-21T21:00:00.000Z}
                    selectDate={[Function]}
                    selected={2020-05-21T21:00:00.000Z}
                    tasksMap={Object {}}
                  >
                    <div
                      className="day weekend"
                      onClick={[Function]}
                    >
                      30
                    </div>
                  </Day>
                </Connect(Day)>
                <Connect(Day)
                  date={2020-05-30T21:00:00.000Z}
                  key="1590872400000"
                >
                  <Day
                    date={2020-05-30T21:00:00.000Z}
                    now={2020-05-21T21:00:00.000Z}
                    selectDate={[Function]}
                    selected={2020-05-21T21:00:00.000Z}
                    tasksMap={Object {}}
                  >
                    <div
                      className="day weekend"
                      onClick={[Function]}
                    >
                      31
                    </div>
                  </Day>
                </Connect(Day)>
              </div>
            </Week>
          </div>
        </Month>
      </Connect(Month)>
    </div>
  </Calendar>
</Provider>
`;
